<?xml version="1.0"?>
<collection>
  <![CDATA[ Version: 1.414.213 ]]>
  <item>
    <taxonomy type="tag">
      <tag>food</tag>
      <tag>wine</tag>
    </taxonomy>
  </item>
</collection>