<?xml version="1.0" encoding="UTF-8"?>
<note>
  <version>1.414.213</version>
  <to>Tove</to>
  <from>Jani</from>
  <heading>Reminder</heading>
  <body>Don't forget me this weekend!</body>
</note>