{
  "version": "1.414.213",
  "source": "https://github.com/sindresorhus/semver-regex#usage",
  "issue": "https://github.com/joemaller/version-everything/issues/14"
}